// Jest Snapshot v1, https://goo.gl/fbAQLP

exports[`generateCombinations should match snapshot for many combinations 1`] = `
Array [
  Array [
    0,
    1,
  ],
  Array [
    0,
    2,
  ],
  Array [
    0,
    3,
  ],
  Array [
    0,
    4,
  ],
  Array [
    0,
    5,
  ],
  Array [
    0,
    6,
  ],
  Array [
    1,
    2,
  ],
  Array [
    1,
    3,
  ],
  Array [
    1,
    4,
  ],
  Array [
    1,
    5,
  ],
  Array [
    1,
    6,
  ],
  Array [
    2,
    3,
  ],
  Array [
    2,
    4,
  ],
  Array [
    2,
    5,
  ],
  Array [
    2,
    6,
  ],
  Array [
    3,
    4,
  ],
  Array [
    3,
    5,
  ],
  Array [
    3,
    6,
  ],
  Array [
    4,
    5,
  ],
  Array [
    4,
    6,
  ],
  Array [
    5,
    6,
  ],
]
`;
